{
"issues":  [
{
"id":  "S1210",
"message":  "When implementing IComparable\u003cT\u003e, you should also override Equals, \u003c, \u003e, ==, !=.",
"location":  {
"uri":  "Ember-MM\\Ember.Plugins\\PluginManager.cs",
"region":  {
"startLine":  231,
"startColumn":  22,
"endLine":  231,
"endColumn":  33
}
}
}
]
}
