{
"issues":  [
{
"id":  "S1210",
"message":  "When implementing IComparable\u003cT\u003e, you should also override \u003c, \u003e, ==, !=.",
"location":  {
"uri":  "akka.net\\src\\core\\Akka.Cluster\\Member.cs",
"region":  {
"startLine":  25,
"startColumn":  18,
"endLine":  25,
"endColumn":  24
}
}
},
{
"id":  "S1210",
"message":  "When implementing IComparable\u003cT\u003e, you should also override \u003c, \u003e.",
"location":  {
"uri":  "akka.net\\src\\core\\Akka.Cluster\\Member.cs",
"region":  {
"startLine":  245,
"startColumn":  18,
"endLine":  245,
"endColumn":  31
}
}
},
{
"id":  "S1210",
"message":  "When implementing IComparable\u003cT\u003e, you should also override \u003c, \u003e, ==, !=.",
"location":  {
"uri":  "akka.net\\src\\core\\Akka.Cluster\\VectorClock.cs",
"region":  {
"startLine":  36,
"startColumn":  22,
"endLine":  36,
"endColumn":  26
}
}
}
]
}
