{
"issues":  [
{
"id":  "S3010",
"message":  "Remove this assignment of \u0027CurrentWorker\u0027 or initialize it statically.",
"location":  {
"uri":  "akka.net\\src\\core\\Akka\\Helios.Concurrency.DedicatedThreadPool.cs",
"region":  {
"startLine":  415,
"startColumn":  21,
"endLine":  415,
"endColumn":  36
}
}
}
]
}
