{
"issues":  [
{
"id":  "S1210",
"message":  "When implementing IComparable\u003cT\u003e, you should also override \u003c, \u003e.",
"location":  {
"uri":  "akka.net\\src\\core\\Akka\\Actor\\ActorPath.cs",
"region":  {
"startLine":  31,
"startColumn":  27,
"endLine":  31,
"endColumn":  36
}
}
}
]
}
