{
"issues":  [
{
"id":  "S1210",
"message":  "When implementing IComparable\u003cT\u003e, you should also override \u003c, \u003e, ==, !=.",
"location":  {
"uri":  "akka.net\\src\\core\\Akka.Persistence\\JournalProtocol.cs",
"region":  {
"startLine":  775,
"startColumn":  25,
"endLine":  775,
"endColumn":  53
}
}
}
]
}
