{
"issues":  [
{
"id":  "S1210",
"message":  "When implementing IComparable\u003cT\u003e, you should also override \u003c, \u003e, ==, !=.",
"location":  {
"uri":  "akka.net\\src\\core\\Akka.MultiNodeTestRunner.Shared\\Reporting\\MultiNodeMessage.cs",
"region":  {
"startLine":  16,
"startColumn":  27,
"endLine":  16,
"endColumn":  43
}
}
}
]
}
